// Jest Snapshot v1, https://goo.gl/fbAQLP

exports[`ProductTitle should show the component mounted correctly 1`] = `
<span
  className="productDescription custom-class"
>
  Custom Product
</span>
`;

exports[`ProductTitle should show the component with the product name 1`] = `
<div
  className="productCard undefined"
>
  <span
    className="productDescription undefined"
  >
    Coffee Mug - Card
  </span>
</div>
`;
